---
source: crates/neenee-code/src/tui/question_model.rs
expression: film
---
=== open (none selected) ===






           Question

           Which features?

             [ ] a
             [ ] b
             [ ] c
             [ ] Other






           ↑↓ · wheel/Pg · Enter · Space · 1-9 · Esc

=== 1,2,3 → select all three ===






           Question

           Which features?

             [x] a
             [x] b
             [x] c
             [ ] Other






           ↑↓ · wheel/Pg · Enter · Space · 1-9 · Esc

=== '2' again → deselect 'b' ===






           Question

           Which features?

             [x] a
             [ ] b
             [x] c
             [ ] Other






           ↑↓ · wheel/Pg · Enter · Space · 1-9 · Esc
