---
source: crates/neenee-code/src/tui/question_model.rs
expression: film
---
=== open (first selected by default) ===




          Question

          Style
          Which error handling crate?

            ● anyhow                                   ▼

          ↑↓ · wheel/Pg · Enter · Space · 1-9 · Esc

=== down + space → select 'thiserror' ===




          Question

                                                       ▲
            ○ anyhow
               Simple
            ● thiserror                                ▼

          ↑↓ · wheel/Pg · Enter · Space · 1-9 · Esc
