---
source: crates/neenee-code/src/tui/question_model.rs
expression: film
---
=== open (first selected by default) ===




          Question

          Style
          Which error handling crate?

            ● anyhow

          ↑↓ navigate · Space select · Enter submit · 1-9 jump ·

=== down + space → select 'thiserror' ===




          Question

          Style
          Which error handling crate?

            ● thiserror

          ↑↓ navigate · Space select · Enter submit · 1-9 jump ·
