---
source: crates/neenee-code/src/tui/question_model.rs
expression: film
---
=== open ===






           Question

           Which features?

             [ ] a
             [ ] b
             [ ] c
             [ ] Other






           ↑↓ navigate · Space select · Enter submit · 1-9 ju

=== down → highlight 'b' ===






           Question

           Which features?

             [ ] a
             [ ] b
             [ ] c
             [ ] Other






           ↑↓ navigate · Space select · Enter submit · 1-9 ju

=== space → toggle 'b' selected ===






           Question

           Which features?

             [ ] a
             [x] b
             [ ] c
             [ ] Other






           ↑↓ navigate · Space select · Enter submit · 1-9 ju

=== '1' → select 'a' ===






           Question

           Which features?

             [x] a
             [x] b
             [ ] c
             [ ] Other






           ↑↓ navigate · Space select · Enter submit · 1-9 ju

=== '4' + 'custom' → focus 'Other', type ===






           Question

           Which features?

             [x] a
             [x] b
             [ ] c
             [x] Other
                cust█





           ↑↓ navigate · Space select · Enter submit · 1-9 ju
