---
source: crates/neenee-code/src/tui/render/snapshot_tests.rs
assertion_line: 405
expression: "render_grid(&m, 80, 30)"
---
  - Edit a.rs +1 -1 · 0ms

     1   - let x = 1;
        1+ let x = 2;

backgrounds:
.=reset  B=#070808  C=#201414  D=#402828  E=#121F16  F=#2A4030
0: .2 B76
1: .2 B76
2: .2 C17 D2 C57
3: .2 E17 F2 E57
